################################################################################
# Wed Jul  1 13:56:24 2026
# Naja Performance Report
# naja version: 0.6.6
# Git hash: 6d7199d
################################################################################

<naja_python>                    total:   0.000s rss:   19.26Mb peak:  259.57Mb
  <Liberty construct>            total:   0.097s rss:   30.00Mb peak:  271.11Mb
  </Liberty construct>           total:   0.176s scope:   0.078s rss:   39.44Mb peak:  280.36Mb drss:   +9.43Mb dpeak:   +9.25Mb
  <Verilog construct>            total:   0.176s rss:   39.56Mb peak:  280.36Mb
  </Verilog construct>           total:   0.177s scope:   0.001s rss:   39.75Mb peak:  280.36Mb drss:   +0.19Mb dpeak:   +0.00Mb
  <Liberty construct>            total:   0.178s rss:   39.81Mb peak:  280.36Mb
  </Liberty construct>           total:   0.253s scope:   0.075s rss:   39.82Mb peak:  280.36Mb drss:   +0.00Mb dpeak:   +0.00Mb
  <Verilog construct>            total:   0.254s rss:   39.82Mb peak:  280.36Mb
  </Verilog construct>           total:   0.254s scope:   0.000s rss:   39.82Mb peak:  280.36Mb drss:   +0.00Mb dpeak:   +0.00Mb
  <Liberty construct>            total:   0.255s rss:   39.82Mb peak:  280.36Mb
  </Liberty construct>           total:   0.329s scope:   0.073s rss:   39.82Mb peak:  280.36Mb drss:   +0.00Mb dpeak:   +0.00Mb
  <Verilog construct>            total:   0.329s rss:   39.82Mb peak:  280.36Mb
  </Verilog construct>           total:   0.330s scope:   0.000s rss:   39.82Mb peak:  280.36Mb drss:   +0.00Mb dpeak:   +0.00Mb
  <Liberty construct>            total:   0.331s rss:   39.82Mb peak:  280.36Mb
  </Liberty construct>           total:   0.404s scope:   0.073s rss:   39.82Mb peak:  280.36Mb drss:   +0.00Mb dpeak:   +0.00Mb
  <Verilog construct>            total:   0.404s rss:   39.82Mb peak:  280.36Mb
  </Verilog construct>           total:   0.405s scope:   0.000s rss:   39.82Mb peak:  280.36Mb drss:   +0.00Mb dpeak:   +0.00Mb
</naja_python>                   total:   0.423s scope:   0.423s rss:   38.29Mb peak:  280.36Mb drss:  +19.04Mb dpeak:  +20.79Mb
--------------------------------------------------------------------------------
Summary total:   0.423s max rss:   39.82Mb max peak:  280.36Mb
